adobe.com
adobedtm.com
adobe.io
adobelogin.com
akamaihd.net
akamaized.net
alternativeto.net
anbernic.com
aomeitech.com
apidog.com
auroraoss.com
auxxxilium.tech
ayntec.com
bluestacks.com
bluetoothgoodies.com
company-target.com
digitaleast.mobi
diskinternals.com
deovr.com
devid.info
dietpi.com
displayfusion.com
distill.io
dyndns.org
eden-emu.dev
enpass.io
epicgames.com
freefilesync.org
files.community
freedownloadmanager.org
gamenative.app
geforce.com
geforcenow.com
geolocation.onetrust.com
gfn.am
hddscan.com
hsprotect.net
imggeo.com
intel.com
intel.de
intel.nl
ixbt.site
jan.ai
kinozal.me
kinozal.tv
kintoki.dev
lenovo.com
liteapks.com
localsend.org
macked.app
macrumors.com
mangmi.com
miniclip.com
mpv.io
myqcloud.com
nitroflare.com
nnmclub.to
nnmstatic.win
nvidia.com
patreon.com
pdfgear.com
pimax.com
playstation.com
localsend.org
psprices.com
quickconnect.cn
quickconnect.to
rapidgator.net
rocknix.org
rutor.is
rutracker.cc
rutracker.org
shopify.com
sonarr.com
sony.com
stacher.io
stacher-cloud.com
steamdb.info
steampowered.com
steamcontent.com
steamstatic.com
steamcloud.net
sumatrapdfreader.org
synocommunity
synology.com
synology.me
synologydownload.com
synologyupdate.com
tailscale.com
t-ru.org
terra-master.com
trimui.com
twrp.me
ugreen.com
videocardz.com
virustotal.com
xpenology.org
ztto.net