ai.com
ai.google.dev
aisandbox-pa.googleapis.com
aistudio.google.com
android.clients.google.com
antigravity.google
appspot.com
atlassian.com
atlassian.net
autodesk.com
avotech.uz
bard.google.com
beacons.gvt2.com
chat.com
chat.openai.com.cdn.cloudflare.net
chatgpt.com
clients6.google.com
connectivitycheck.gstatic.com
deepmind.com
deepmind.google
figma.com
geller-pa.googleapis.com
gemini.google
gemini.google.com
generativeai.google
generativelanguage.googleapis.com
ggpht.com
google.com
google-analytics.com
googleapis.com
googleplay.com
googlevideo.com
gstatic.com
gvt1.com
jules.google
jules.google.com
labs.google
lh3.googleusercontent.com
lookerstudio.google.com
makersuite.google.com
myjetbrains.com
news.google.com
notebooklm.google
notebooklm.google.com
oaistatic.com
oaiusercontent.com
openai.com
pay.google.com
play-fe.googleapis.com
play-games.googleusercontent.com
play-lh.googleusercontent.com
play.google.com
play.googleapis.com
proactivebackend-pa.googleapis.com
prod-lt-playstoregatewayadapter-pa.googleapis.com
production-openaicom-storage.azureedge.net
proxyman.com
proxyman.io
pstmn.io
returnyoutubedislikeapi.com
robinfrontend-pa.googleapis.com
run.app
sparklabs.com
stitch.withgoogle.com
suggestqueries.google.com
toolbox.appd
x.ai